// Jest Snapshot v1, https://goo.gl/fbAQLP

exports[`<Section /> should render correctly 1`] = `
<section
  className=""
>
  <h6
    className="mb-0"
  >
    Name
  </h6>
  <hr
    className="mt-1"
  />
  Children
</section>
`;
